---
source: crates/doodle-core/tests/broken_syntax.rs
expression: "render_diagnostics(&diagnostics, &view)"
---
error[syntax-error]: expected `)` to close this call
  --> 04-missing-comma.doodle:1:8
1 | show(1 2)
  |        ^

error[syntax-error]: expected a statement separator
  --> 04-missing-comma.doodle:1:8
1 | show(1 2)
  |        ^

error[syntax-error]: expected a statement separator
  --> 04-missing-comma.doodle:1:9
1 | show(1 2)
  |         ^

error[syntax-error]: expected an expression
  --> 04-missing-comma.doodle:1:9
1 | show(1 2)
  |         ^
